---
source: crates/cli/tests/golden.rs
expression: rows(all)
---
[
  [
    "bad/aptos_admin_no_timelock.move",
    "move_admin_no_timelock",
    10,
    "HIGH"
  ],
  [
    "bad/aptos_cap_move_to_caller.move",
    "move_capability_transferred_to_caller",
    7,
    "CRITICAL"
  ],
  [
    "bad/aptos_randomness_public.move",
    "move_randomness_public_function",
    7,
    "HIGH"
  ],
  [
    "bad/aptos_signer_leak.move",
    "move_privileged_handle_exposed",
    8,
    "CRITICAL"
  ],
  [
    "bad/aptos_single_step_admin.move",
    "move_admin_no_timelock",
    10,
    "HIGH"
  ],
  [
    "bad/aptos_single_step_admin.move",
    "move_admin_transfer_single_step",
    13,
    "MEDIUM"
  ],
  [
    "bad/aptos_spot_price.move",
    "move_oracle_spot_price",
    8,
    "CRITICAL"
  ],
  [
    "bad/aptos_stale_pyth.move",
    "move_oracle_stale_price",
    7,
    "MEDIUM"
  ],
  [
    "bad/aptos_unguarded_set_fee.move",
    "move_access_control_missing",
    7,
    "HIGH"
  ],
  [
    "bad/aptos_unguarded_set_fee.move",
    "move_unbounded_parameter",
    9,
    "MEDIUM"
  ],
  [
    "bad/aptos_unguarded_withdraw.move",
    "unauthorized_privileged_mutation",
    8,
    "CRITICAL"
  ],
  [
    "bad/aptos_weak_randomness.move",
    "move_access_control_missing",
    8,
    "HIGH"
  ],
  [
    "bad/aptos_weak_randomness.move",
    "move_weak_randomness",
    8,
    "HIGH"
  ],
  [
    "bad/sui_cap_to_caller.move",
    "move_capability_transferred_to_caller",
    8,
    "CRITICAL"
  ],
  [
    "bad/sui_cap_with_store.move",
    "move_capability_with_store",
    5,
    "LOW"
  ],
  [
    "bad/sui_divide_before_multiply.move",
    "move_divide_before_multiply",
    6,
    "MEDIUM"
  ],
  [
    "bad/sui_fake_token_deposit.move",
    "move_unconstrained_type_argument",
    10,
    "MEDIUM"
  ],
  [
    "bad/sui_hot_potato_drop.move",
    "move_hot_potato_has_abilities",
    11,
    "HIGH"
  ],
  [
    "bad/sui_manual_overflow_mask.move",
    "move_manual_overflow_check",
    6,
    "HIGH"
  ],
  [
    "bad/sui_manual_overflow_mask.move",
    "move_manual_overflow_check",
    10,
    "HIGH"
  ],
  [
    "bad/sui_randomness_public.move",
    "move_randomness_public_function",
    7,
    "HIGH"
  ],
  [
    "bad/sui_swap_no_invariant.move",
    "move_liquidity_conservation",
    11,
    "CRITICAL"
  ],
  [
    "bad/sui_unbounded_fee.move",
    "move_admin_no_timelock",
    12,
    "HIGH"
  ],
  [
    "bad/sui_unbounded_fee.move",
    "move_unbounded_parameter",
    13,
    "MEDIUM"
  ],
  [
    "bad/sui_unbounded_vector.move",
    "move_unbounded_vector_growth",
    12,
    "MEDIUM"
  ],
  [
    "bad/sui_unguarded_shared_setter.move",
    "move_access_control_missing",
    14,
    "HIGH"
  ],
  [
    "bad/sui_unguarded_withdraw.move",
    "unauthorized_privileged_mutation",
    15,
    "CRITICAL"
  ]
]
