---
source: crates/cli/tests/golden.rs
expression: rows(all)
---
[
  [
    "bad/cross_chain_replay.sol",
    "evm_cross_chain_replay_missing_chainid",
    7,
    "HIGH"
  ],
  [
    "bad/cross_chain_replay.sol",
    "evm_signature_replay_protection",
    7,
    "MEDIUM"
  ],
  [
    "bad/division_by_zero.sol",
    "evm_division_by_zero",
    7,
    "LOW"
  ],
  [
    "bad/gas_dos.sol",
    "evm_missing_pause_mechanism",
    5,
    "LOW"
  ],
  [
    "bad/gas_dos.sol",
    "evm_push_payment_in_loop",
    29,
    "MEDIUM"
  ],
  [
    "bad/gas_dos.sol",
    "evm_reentrancy_erc20",
    20,
    "CRITICAL"
  ],
  [
    "bad/gas_dos.sol",
    "evm_unbounded_loop",
    28,
    "MEDIUM"
  ],
  [
    "bad/legacy_unsafe_math.sol",
    "evm_legacy_unsafe_math",
    6,
    "HIGH"
  ],
  [
    "bad/merkle_root_zero.sol",
    "evm_merkle_root_zero_default",
    4,
    "CRITICAL"
  ],
  [
    "bad/oracle_spot_price.sol",
    "evm_division_by_zero",
    7,
    "LOW"
  ],
  [
    "bad/oracle_spot_price.sol",
    "evm_oracle_spot_price",
    7,
    "CRITICAL"
  ],
  [
    "bad/readonly_reentrancy.sol",
    "evm_division_by_zero",
    7,
    "LOW"
  ],
  [
    "bad/readonly_reentrancy.sol",
    "evm_readonly_reentrancy",
    6,
    "HIGH"
  ],
  [
    "bad/readonly_reentrancy.sol",
    "evm_reentrancy_classic",
    10,
    "CRITICAL"
  ],
  [
    "bad/reentrancy_classic.sol",
    "evm_reentrancy_classic",
    7,
    "CRITICAL"
  ],
  [
    "bad/reentrancy_classic.sol",
    "evm_state_mutation_ordering",
    7,
    "MEDIUM"
  ],
  [
    "bad/reentrancy_erc20.sol",
    "evm_reentrancy_classic",
    8,
    "CRITICAL"
  ],
  [
    "bad/reentrancy_erc20.sol",
    "evm_reentrancy_erc20",
    8,
    "CRITICAL"
  ],
  [
    "bad/reentrancy_erc20.sol",
    "evm_state_mutation_ordering",
    8,
    "MEDIUM"
  ],
  [
    "bad/reentrancy_erc20.sol",
    "evm_unchecked_returns",
    8,
    "MEDIUM"
  ],
  [
    "bad/selector_dispatch.sol",
    "evm_arbitrary_function_selector_dispatch",
    5,
    "CRITICAL"
  ],
  [
    "bad/selector_dispatch.sol",
    "evm_public_relay",
    4,
    "HIGH"
  ],
  [
    "bad/selector_dispatch.sol",
    "evm_unchecked_returns",
    5,
    "HIGH"
  ],
  [
    "bad/single_eoa_admin.sol",
    "evm_single_eoa_admin",
    5,
    "HIGH"
  ],
  [
    "bad/timestamp_randomness.sol",
    "evm_timestamp_dependence",
    6,
    "HIGH"
  ],
  [
    "bad/unbacked_mint.sol",
    "evm_unbacked_synthetic_mint",
    7,
    "CRITICAL"
  ],
  [
    "bad/unchecked_returns.sol",
    "evm_missing_signer_check",
    5,
    "HIGH"
  ],
  [
    "bad/unchecked_returns.sol",
    "evm_public_relay",
    5,
    "HIGH"
  ],
  [
    "bad/unchecked_returns.sol",
    "evm_unchecked_returns",
    7,
    "HIGH"
  ],
  [
    "bad/unprotected_initializer.sol",
    "evm_constructor_race_condition",
    5,
    "MEDIUM"
  ],
  [
    "bad/unprotected_initializer.sol",
    "evm_missing_signer_check",
    5,
    "HIGH"
  ],
  [
    "bad/unprotected_initializer.sol",
    "evm_unprotected_initializer",
    5,
    "CRITICAL"
  ],
  [
    "bad/unverified_upgrade.sol",
    "evm_missing_signer_check",
    5,
    "HIGH"
  ],
  [
    "bad/unverified_upgrade.sol",
    "evm_upgrade_path_verification",
    5,
    "MEDIUM"
  ]
]
