---
source: crates/cli/tests/golden.rs
expression: ids
---
[
  "evm_aa_entropy_weakness",
  "evm_access_control",
  "evm_arbitrary_call_msg_value",
  "evm_arbitrary_function_selector_dispatch",
  "evm_arithmetic_rounding",
  "evm_bridge_address_cryptographic_verify",
  "evm_conservation_check_absent",
  "evm_constructor_race_condition",
  "evm_cross_chain_replay_missing_chainid",
  "evm_delegatecall_injection",
  "evm_division_by_zero",
  "evm_dvn_single_point_failure",
  "evm_dvn_threshold",
  "evm_eip7702_eoa_assumption",
  "evm_erc4337_validation_side_effects",
  "evm_erc4626_inflation_protection",
  "evm_fee_on_transfer_incompatibility",
  "evm_flash_loan_governance",
  "evm_frontrunning",
  "evm_insufficient_multisig_threshold",
  "evm_integer_overflow",
  "evm_integer_underflow",
  "evm_legacy_unsafe_math",
  "evm_lst_depeg",
  "evm_merkle_root_zero",
  "evm_merkle_root_zero_default",
  "evm_missing_pause_mechanism",
  "evm_missing_post_state_health_check",
  "evm_missing_signer_check",
  "evm_oracle_self_trade",
  "evm_oracle_spot_price",
  "evm_precision_loss",
  "evm_proxy_storage_collision",
  "evm_public_relay",
  "evm_push_payment_in_loop",
  "evm_readonly_reentrancy",
  "evm_reentrancy_classic",
  "evm_reentrancy_erc20",
  "evm_reentrancy_protection",
  "evm_reentrancy_via_whitelisted",
  "evm_router_slippage_validation",
  "evm_shallow_auth",
  "evm_signature_replay_protection",
  "evm_single_eoa_admin",
  "evm_stale_oracle_price",
  "evm_state_mutation_ordering",
  "evm_symbolic_counterexample",
  "evm_symbolic_unresolved",
  "evm_synthetic_collateral_oracle",
  "evm_timestamp_dependence",
  "evm_token_balance_manipulation",
  "evm_unbacked_synthetic_mint",
  "evm_unbounded_loop",
  "evm_unbounded_pricing_input",
  "evm_unchecked_returns",
  "evm_uninitialized_pointers",
  "evm_unprotected_initializer",
  "evm_upgrade_path_verification",
  "evm_zero_challenge_period",
  "gen_ci_pwn_request",
  "gen_ci_script_injection",
  "gen_ci_secret_exposed",
  "gen_ci_unpinned_action",
  "gen_ci_unsigned_release",
  "gen_code_injection",
  "gen_command_injection",
  "gen_container_privileged",
  "gen_docker_root_user",
  "gen_docker_unpinned_base",
  "gen_error_detail_exposed",
  "gen_graphql_unrestricted",
  "gen_hardcoded_secret",
  "gen_iac_open_ingress",
  "gen_iac_public_database",
  "gen_iac_public_storage",
  "gen_iac_unencrypted_storage",
  "gen_iac_wildcard_iam",
  "gen_insecure_file_permissions",
  "gen_insecure_randomness",
  "gen_insecure_temp_file",
  "gen_log_injection",
  "gen_log_sensitive_data",
  "gen_mass_assignment",
  "gen_missing_rate_limit",
  "gen_missing_security_logging",
  "gen_non_atomic_multi_write",
  "gen_object_level_auth_missing",
  "gen_open_redirect",
  "gen_pipe_to_shell",
  "gen_private_key_committed",
  "gen_regex_dos",
  "gen_sql_injection",
  "gen_tls_verification_disabled",
  "gen_toctou_file",
  "gen_unbounded_query_limit",
  "gen_unsafe_deserialization",
  "gen_upload_unvalidated",
  "gen_weak_hash",
  "gen_web_cors_wildcard",
  "gen_web_csrf_disabled",
  "gen_web_debug_enabled",
  "gen_web_insecure_cookie",
  "gen_web_jwt_unverified",
  "gen_web_path_traversal",
  "gen_web_ssrf",
  "gen_websocket_no_origin_check",
  "gen_xss_sink",
  "gen_xxe",
  "move_access_control",
  "move_access_control_missing",
  "move_admin_no_timelock",
  "move_integer_overflow",
  "move_liquidity_conservation",
  "move_manual_overflow_check",
  "move_oracle_spot_price",
  "move_resource_destruction",
  "move_resource_leaks",
  "move_signer_requirement",
  "move_type_safety",
  "move_type_safety_violation",
  "rt_exposed_sensitive_path",
  "rt_insecure_cookie",
  "rt_missing_content_type_options",
  "rt_missing_csp",
  "rt_missing_frame_options",
  "rt_missing_hsts",
  "rt_no_https_redirect",
  "rt_open_port",
  "rt_server_banner",
  "rt_tls_expired",
  "rt_tls_untrusted_cert",
  "rt_tls_weak_protocol",
  "sca_dependency_confusion",
  "sca_install_script_dependency",
  "sca_lockfile_missing_integrity",
  "sca_missing_lockfile",
  "sca_typosquat_candidate",
  "sca_unmaintained_dependency",
  "sca_unpinned_dependency",
  "sca_vulnerable_dependency",
  "sol_account_validation",
  "sol_admin_no_timelock",
  "sol_durable_nonce_validation",
  "sol_fake_sysvar_instruction_account",
  "sol_instruction_parsing",
  "sol_integer_overflow",
  "sol_lamport_balance",
  "sol_missing_signer",
  "sol_oracle_rate_account",
  "sol_oracle_self_trade",
  "sol_pda_authority_validation",
  "sol_pda_derivation",
  "sol_rent_exemption",
  "sol_rent_exemption_check",
  "sol_signer_checks",
  "sol_sysvar_account_validation",
  "sol_treasury_single_authority",
  "sol_unchecked_token_account_type",
  "sor_checked_arithmetic",
  "sor_init_guard",
  "sor_missing_require_auth",
  "sor_no_reentrancy",
  "sor_no_unprotected_upgrade",
  "sor_reentrancy_external_call",
  "sor_reinitialization",
  "sor_require_auth_checks",
  "sor_storage_ttl_extended",
  "sor_storage_ttl_not_extended",
  "sor_temporary_storage_critical_state",
  "sor_thin_liquidity_oracle_price",
  "sor_unchecked_arithmetic",
  "sor_unhandled_panic",
  "sor_unprotected_upgrade",
  "unauthorized_privileged_mutation"
]
