---
source: crates/cli/tests/golden.rs
expression: rows(all)
---
[
  [
    "bad/.github/workflows/pwn.yml",
    "gen_ci_pwn_request",
    13,
    "CRITICAL"
  ],
  [
    "bad/.github/workflows/pwn.yml",
    "gen_ci_script_injection",
    15,
    "HIGH"
  ],
  [
    "bad/.github/workflows/pwn.yml",
    "gen_ci_unpinned_action",
    14,
    "LOW"
  ],
  [
    "bad/.github/workflows/release.yml",
    "gen_ci_unsigned_release",
    14,
    "MEDIUM"
  ],
  [
    "bad/Dockerfile",
    "gen_docker_root_user",
    4,
    "MEDIUM"
  ],
  [
    "bad/Dockerfile",
    "gen_docker_unpinned_base",
    4,
    "LOW"
  ],
  [
    "bad/Dockerfile",
    "gen_pipe_to_shell",
    5,
    "HIGH"
  ],
  [
    "bad/api.js",
    "gen_web_jwt_unverified",
    6,
    "HIGH"
  ],
  [
    "bad/api.js",
    "gen_web_path_traversal",
    14,
    "HIGH"
  ],
  [
    "bad/api.js",
    "gen_web_ssrf",
    10,
    "HIGH"
  ],
  [
    "bad/app_security.js",
    "gen_error_detail_exposed",
    59,
    "LOW"
  ],
  [
    "bad/app_security.js",
    "gen_graphql_unrestricted",
    16,
    "MEDIUM"
  ],
  [
    "bad/app_security.js",
    "gen_log_injection",
    47,
    "LOW"
  ],
  [
    "bad/app_security.js",
    "gen_log_sensitive_data",
    21,
    "MEDIUM"
  ],
  [
    "bad/app_security.js",
    "gen_mass_assignment",
    26,
    "MEDIUM"
  ],
  [
    "bad/app_security.js",
    "gen_missing_rate_limit",
    19,
    "MEDIUM"
  ],
  [
    "bad/app_security.js",
    "gen_non_atomic_multi_write",
    51,
    "MEDIUM"
  ],
  [
    "bad/app_security.js",
    "gen_object_level_auth_missing",
    31,
    "HIGH"
  ],
  [
    "bad/app_security.js",
    "gen_open_redirect",
    42,
    "MEDIUM"
  ],
  [
    "bad/app_security.js",
    "gen_regex_dos",
    17,
    "MEDIUM"
  ],
  [
    "bad/app_security.js",
    "gen_unbounded_query_limit",
    36,
    "LOW"
  ],
  [
    "bad/app_security.js",
    "gen_upload_unvalidated",
    14,
    "MEDIUM"
  ],
  [
    "bad/app_security.js",
    "gen_websocket_no_origin_check",
    15,
    "MEDIUM"
  ],
  [
    "bad/auth_no_logging.py",
    "gen_missing_security_logging",
    2,
    "LOW"
  ],
  [
    "bad/committed_key.pem",
    "gen_private_key_committed",
    2,
    "CRITICAL"
  ],
  [
    "bad/files.py",
    "gen_error_detail_exposed",
    38,
    "LOW"
  ],
  [
    "bad/files.py",
    "gen_insecure_file_permissions",
    20,
    "MEDIUM"
  ],
  [
    "bad/files.py",
    "gen_insecure_temp_file",
    19,
    "LOW"
  ],
  [
    "bad/files.py",
    "gen_toctou_file",
    13,
    "LOW"
  ],
  [
    "bad/files.py",
    "gen_upload_unvalidated",
    29,
    "MEDIUM"
  ],
  [
    "bad/files.py",
    "gen_xxe",
    25,
    "HIGH"
  ],
  [
    "bad/handlers.js",
    "gen_command_injection",
    11,
    "HIGH"
  ],
  [
    "bad/handlers.js",
    "gen_insecure_randomness",
    17,
    "MEDIUM"
  ],
  [
    "bad/handlers.js",
    "gen_sql_injection",
    14,
    "HIGH"
  ],
  [
    "bad/handlers.js",
    "gen_xss_sink",
    8,
    "HIGH"
  ],
  [
    "bad/handlers.py",
    "gen_command_injection",
    9,
    "HIGH"
  ],
  [
    "bad/handlers.py",
    "gen_sql_injection",
    11,
    "HIGH"
  ],
  [
    "bad/handlers.py",
    "gen_tls_verification_disabled",
    13,
    "HIGH"
  ],
  [
    "bad/handlers.py",
    "gen_unsafe_deserialization",
    12,
    "HIGH"
  ],
  [
    "bad/handlers.py",
    "gen_web_ssrf",
    13,
    "HIGH"
  ],
  [
    "bad/install.sh",
    "gen_pipe_to_shell",
    3,
    "HIGH"
  ],
  [
    "bad/leaked_aws_key.py",
    "gen_hardcoded_secret",
    6,
    "CRITICAL"
  ],
  [
    "bad/leaked_aws_key.py",
    "gen_hardcoded_secret",
    7,
    "HIGH"
  ],
  [
    "bad/open_world.tf",
    "gen_iac_open_ingress",
    11,
    "HIGH"
  ],
  [
    "bad/open_world.tf",
    "gen_iac_public_database",
    22,
    "HIGH"
  ],
  [
    "bad/open_world.tf",
    "gen_iac_public_storage",
    16,
    "HIGH"
  ],
  [
    "bad/open_world.tf",
    "gen_iac_unencrypted_storage",
    21,
    "MEDIUM"
  ],
  [
    "bad/open_world.tf",
    "gen_iac_wildcard_iam",
    27,
    "HIGH"
  ],
  [
    "bad/pod.yaml",
    "gen_container_privileged",
    7,
    "HIGH"
  ],
  [
    "bad/pod.yaml",
    "gen_container_privileged",
    12,
    "HIGH"
  ],
  [
    "bad/pod.yaml",
    "gen_container_privileged",
    14,
    "HIGH"
  ],
  [
    "bad/server.go",
    "gen_command_injection",
    14,
    "HIGH"
  ],
  [
    "bad/server.go",
    "gen_sql_injection",
    22,
    "HIGH"
  ],
  [
    "bad/server.go",
    "gen_tls_verification_disabled",
    18,
    "HIGH"
  ],
  [
    "bad/settings_debug.py",
    "gen_web_cors_wildcard",
    6,
    "HIGH"
  ],
  [
    "bad/settings_debug.py",
    "gen_web_debug_enabled",
    4,
    "MEDIUM"
  ],
  [
    "bad/settings_debug.py",
    "gen_web_insecure_cookie",
    5,
    "MEDIUM"
  ],
  [
    "bad/socket.go",
    "gen_error_detail_exposed",
    16,
    "LOW"
  ],
  [
    "bad/socket.go",
    "gen_websocket_no_origin_check",
    11,
    "MEDIUM"
  ],
  [
    "bad/taint_flow.go",
    "gen_command_injection",
    8,
    "HIGH"
  ],
  [
    "bad/taint_flow.js",
    "gen_sql_injection",
    7,
    "HIGH"
  ],
  [
    "bad/taint_flow.js",
    "gen_xss_sink",
    13,
    "HIGH"
  ],
  [
    "bad/taint_flow.py",
    "gen_command_injection",
    16,
    "HIGH"
  ],
  [
    "bad/taint_flow.py",
    "gen_sql_injection",
    10,
    "HIGH"
  ],
  [
    "bad/template.yaml",
    "gen_iac_open_ingress",
    15,
    "HIGH"
  ],
  [
    "bad/template.yaml",
    "gen_iac_public_database",
    8,
    "HIGH"
  ],
  [
    "bad/views.py",
    "gen_web_csrf_disabled",
    6,
    "MEDIUM"
  ],
  [
    "bad/views.py",
    "gen_web_ssrf",
    8,
    "HIGH"
  ]
]
